I'm sorry, but errors were detected in your script. Please correct the
errors listed below, and try again.


File "game/script.rpy", line 77: expected ':' not found.
    label goblin1
                 ^

Ren'Py Version: Ren'Py 7.3.5.606
Sat Dec 05 03:44:05 2020
